
 Ansys Mechanical Enterprise                       


 *------------------------------------------------------------------*
 |                                                                  |
 |   W E L C O M E   T O   T H E   A N S Y S (R)  P R O G R A M     |
 |                                                                  |
 *------------------------------------------------------------------*




 ***************************************************************
 *            ANSYS 2022 R1          LEGAL NOTICES             *
 ***************************************************************
 *                                                             *
 * Copyright 1971-2022 ANSYS, Inc.  All rights reserved.       *
 * Unauthorized use, distribution or duplication is            *
 * prohibited.                                                 *
 *                                                             *
 * Ansys is a registered trademark of ANSYS, Inc. or its       *
 * subsidiaries in the United States or other countries.       *
 * See the ANSYS, Inc. online documentation or the ANSYS, Inc. *
 * documentation CD or online help for the complete Legal      *
 * Notice.                                                     *
 *                                                             *
 ***************************************************************
 *                                                             *
 * THIS ANSYS SOFTWARE PRODUCT AND PROGRAM DOCUMENTATION       *
 * INCLUDE TRADE SECRETS AND CONFIDENTIAL AND PROPRIETARY      *
 * PRODUCTS OF ANSYS, INC., ITS SUBSIDIARIES, OR LICENSORS.    *
 * The software products and documentation are furnished by    *
 * ANSYS, Inc. or its subsidiaries under a software license    *
 * agreement that contains provisions concerning               *
 * non-disclosure, copying, length and nature of use,          *
 * compliance with exporting laws, warranties, disclaimers,    *
 * limitations of liability, and remedies, and other           *
 * provisions.  The software products and documentation may be *
 * used, disclosed, transferred, or copied only in accordance  *
 * with the terms and conditions of that software license      *
 * agreement.                                                  *
 *                                                             *
 * ANSYS, Inc. is a UL registered                              *
 * ISO 9001:2015 company.                                      *
 *                                                             *
 ***************************************************************
 *                                                             *
 * This product is subject to U.S. laws governing export and   *
 * re-export.                                                  *
 *                                                             *
 * For U.S. Government users, except as specifically granted   *
 * by the ANSYS, Inc. software license agreement, the use,     *
 * duplication, or disclosure by the United States Government  *
 * is subject to restrictions stated in the ANSYS, Inc.        *
 * software license agreement and FAR 12.212 (for non-DOD      *
 * licenses).                                                  *
 *                                                             *
 ***************************************************************

 2022 R1 
     
 Point Releases and Patches installed:   
     
 ANSYS, Inc. License Manager 2022 R1 
 Discovery 2022 R1   
 SpaceClaim 2022 R1  
 Ansys Sherlock 2022 R1  
 Autodyn 2022 R1 
 LS-DYNA 2022 R1 
 CFX (includes CFD-Post) 2022 R1 
 Chemkin 2022 R1 
 EnSight 2022 R1 
 FENSAP-ICE 2022 R1  
 Fluent (includes CFD-Post) 2022 R1  
 Polyflow (includes CFD-Post) 2022 R1
 Forte (includes EnSight) 2022 R1
 TurboGrid 2022 R1   
 ICEM CFD 2022 R1
 Aqwa 2022 R1
 Speos 2022 R1   
 Additive 2022 R1
 Mechanical Products 2022 R1 
 Icepak (includes CFD-Post) 2022 R1  
 ACIS Geometry Interface 2022 R1 
 AutoCAD Geometry Interface 2022 R1  
 Catia, Version 4 Geometry Interface 2022 R1 
 Catia, Version 5 Geometry Interface 2022 R1 
 Catia, Version 6 Geometry Interface 2022 R1 
 Creo Elements/Direct Modeling Geometry Interface 2022 R1
 Creo Parametric Geometry Interface 2022 R1  
 Inventor Geometry Interface 2022 R1 
 JTOpen Geometry Interface 2022 R1   
 NX Geometry Interface 2022 R1   
 Parasolid Geometry Interface  2022 R1   
 Solid Edge Geometry Interface 2022 R1   
 SOLIDWORKS Geometry Interface 2022 R1   
 CFD-Post only 2022 R1   
 Speos HPC 2022 R1   
 Speos for Creo Parametric 2022 R1   
 Customization Files for User Programmable Features 2022 R1  
 Remote Solve Manager Standalone Services 2022 R1
 Ansys Sound - SAS 2022 R1   
 Viewer 2022 R1  


          *****  ANSYS COMMAND LINE ARGUMENTS  *****
  BATCH MODE REQUESTED (-b)    = NOLIST
  INPUT FILE COPY MODE (-c)    = COPY
  DISTRIBUTED MEMORY PARALLEL REQUESTED
       6 PARALLEL PROCESSES REQUESTED WITH SINGLE THREAD PER PROCESS
    TOTAL OF     6 CORES REQUESTED
  INPUT FILE NAME              = D:\University\竞赛与项目\Challenge-Cup-Unveiling-the-List-and-Taking-the-Lead\ansys\_ProjectScratch\Scr216C\dummy.dat
  OUTPUT FILE NAME             = D:\University\竞赛与项目\Challenge-Cup-Unveiling-the-List-and-Taking-the-Lead\ansys\_ProjectScratch\Scr216C\solve.out
  START-UP FILE MODE           = NOREAD
  STOP FILE MODE               = NOREAD
  GPU ACCELERATOR OPTION REQUESTED
     1 GPU ACCELERATOR DEVICES REQUESTED

 RELEASE= 2022 R1              BUILD= 22.1      UP20211129   VERSION=WINDOWS x64 
 CURRENT JOBNAME=file0  14:40:40  AUG 17, 2026 CP=      0.703


 *** NOTE ***                            CP =       0.859   TIME= 14:40:40
 The use of the ANSGPU_OVERRIDE environment variable has been detected.  
 Please ensure that the GPU accelerator device(s) being used for this    
 simulation is sufficiently powerful to accelerate the simulation.       

 PARAMETER _DS_PROGRESS =     999.0000000    

 /INPUT FILE= ds.dat  LINE=       0



 *** NOTE ***                            CP =       2.125   TIME= 14:40:42
 The /CONFIG,NOELDB command is not valid in a Distributed ANSYS          
 solution.  Command is ignored.                                          

 *GET  _WALLSTRT  FROM  ACTI  ITEM=TIME WALL  VALUE=  14.6783333    

 TITLE= 
 analyse--Static Structural (A5)                                               

  ACT Extensions:
      LSDYNA, 2021.1
      5f463412-bd3e-484b-87e7-cbc0a665e474, wbex
  

 SET PARAMETER DIMENSIONS ON  _WB_PROJECTSCRATCH_DIR
  TYPE=STRI  DIMENSIONS=      248        1        1

 PARAMETER _WB_PROJECTSCRATCH_DIR(1) = D:\University\竞赛与项目\Challenge-Cup-Unveiling-the-List-and-Taking-the-Lead\ansys\_ProjectScratch\Scr216C\

 SET PARAMETER DIMENSIONS ON  _WB_SOLVERFILES_DIR
  TYPE=STRI  DIMENSIONS=      248        1        1

 PARAMETER _WB_SOLVERFILES_DIR(1) = D:\University\竞赛与项目\Challenge-Cup-Unveiling-the-List-and-Taking-the-Lead\ansys\analyse_files\dp0\SYS\MECH\

 SET PARAMETER DIMENSIONS ON  _WB_USERFILES_DIR
  TYPE=STRI  DIMENSIONS=      248        1        1

 PARAMETER _WB_USERFILES_DIR(1) = D:\University\竞赛与项目\Challenge-Cup-Unveiling-the-List-and-Taking-the-Lead\ansys\analyse_files\user_files\
 --- Data in consistent NMM units. See Solving Units in the help system for more

 MPA UNITS SPECIFIED FOR INTERNAL    
  LENGTH      = MILLIMETERS (mm)
  MASS        = TONNE (Mg)
  TIME        = SECONDS (sec)
  TEMPERATURE = CELSIUS (C)
  TOFFSET     = 273.0
  FORCE       = NEWTON (N)
  HEAT        = MILLIJOULES (mJ)

 INPUT  UNITS ARE ALSO SET TO MPA 

 *** ANSYS - ENGINEERING ANALYSIS SYSTEM  RELEASE 2022 R1          22.1     ***
 DISTRIBUTED Ansys Mechanical Enterprise                       

 00000000  VERSION=WINDOWS x64   14:40:42  AUG 17, 2026 CP=      2.125

 analyse--Static Structural (A5)                                               



          ***** ANSYS ANALYSIS DEFINITION (PREP7) *****
 *********** Nodes for the whole assembly ***********
 *********** Elements for Body 1 "__1-FreeParts|____-_" ***********
 *********** Send User Defined Coordinate System(s) ***********
 *********** Set Reference Temperature ***********
 *********** Send Materials ***********
 *********** Fixed Supports ***********
 *********** Define Force Using Surface Effect Elements ***********


 ***** ROUTINE COMPLETED *****  CP =         2.688


 --- Number of total nodes = 25188
 --- Number of contact elements = 264
 --- Number of spring elements = 0
 --- Number of bearing elements = 0
 --- Number of solid elements = 14301
 --- Number of condensed parts = 0
 --- Number of total elements = 14565

 *GET  _WALLBSOL  FROM  ACTI  ITEM=TIME WALL  VALUE=  14.6783333    
 ****************************************************************************
 *************************    SOLUTION       ********************************
 ****************************************************************************

 *****  ANSYS SOLUTION ROUTINE  *****


 PERFORM A STATIC ANALYSIS
  THIS WILL BE A NEW ANALYSIS

 PARAMETER _THICKRATIO =     1.000000000    

 USE PRECONDITIONED CONJUGATE GRADIENT SOLVER
  CONVERGENCE TOLERANCE = 1.00000E-08
  MAXIMUM ITERATION     = NumNode*DofPerNode*  1.0000    

 CONTACT INFORMATION PRINTOUT LEVEL       1

 DO NOT COMBINE ELEMENT MATRIX FILES (.emat) AFTER DISTRIBUTED PARALLEL SOLUTION

 DO NOT COMBINE ELEMENT SAVE DATA FILES (.esav) AFTER DISTRIBUTED PARALLEL SOLUTION

 NLDIAG: Nonlinear diagnostics CONT option is set to ON. 
         Writing frequency : each ITERATION.

 DO NOT SAVE ANY RESTART FILES AT ALL
 ****************************************************
 ******************* SOLVE FOR LS 1 OF 1 ****************

 SELECT       FOR ITEM=TYPE COMPONENT=    
  IN RANGE         2 TO          2 STEP          1

        264  ELEMENTS (OF      14565  DEFINED) SELECTED BY  ESEL  COMMAND.

 SELECT      ALL NODES HAVING ANY ELEMENT IN ELEMENT SET.

        619 NODES (OF      25188  DEFINED) SELECTED FROM
      264 SELECTED ELEMENTS BY NSLE COMMAND.

 SPECIFIED SURFACE LOAD PRES FOR ALL SELECTED ELEMENTS  LKEY =  1   KVAL = 1
     VALUES =     0.0000         0.0000         0.0000         0.0000    

 SPECIFIED SURFACE LOAD PRES FOR ALL SELECTED ELEMENTS  LKEY =  2   KVAL = 1
     VALUES =     2.3094         2.3094         2.3094         2.3094    

 SPECIFIED SURFACE LOAD PRES FOR ALL SELECTED ELEMENTS  LKEY =  3   KVAL = 1
     VALUES =     0.0000         0.0000         0.0000         0.0000    

 ALL SELECT   FOR ITEM=NODE COMPONENT=    
  IN RANGE         1 TO      25188 STEP          1

      25188  NODES (OF      25188  DEFINED) SELECTED BY NSEL  COMMAND.

 ALL SELECT   FOR ITEM=ELEM COMPONENT=    
  IN RANGE         1 TO      20441 STEP          1

      14565  ELEMENTS (OF      14565  DEFINED) SELECTED BY  ESEL  COMMAND.

 PRINTOUT RESUMED BY /GOP

 USE       1 SUBSTEPS INITIALLY THIS LOAD STEP FOR ALL  DEGREES OF FREEDOM
 FOR AUTOMATIC TIME STEPPING:
   USE      1 SUBSTEPS AS A MAXIMUM
   USE      1 SUBSTEPS AS A MINIMUM

 TIME=  1.0000    

 ERASE THE CURRENT DATABASE OUTPUT CONTROL TABLE.


 WRITE ALL  ITEMS TO THE DATABASE WITH A FREQUENCY OF NONE
   FOR ALL APPLICABLE ENTITIES

 WRITE NSOL ITEMS TO THE DATABASE WITH A FREQUENCY OF ALL 
   FOR ALL APPLICABLE ENTITIES

 WRITE RSOL ITEMS TO THE DATABASE WITH A FREQUENCY OF ALL 
   FOR ALL APPLICABLE ENTITIES

 WRITE EANG ITEMS TO THE DATABASE WITH A FREQUENCY OF ALL 
   FOR ALL APPLICABLE ENTITIES

 WRITE ETMP ITEMS TO THE DATABASE WITH A FREQUENCY OF ALL 
   FOR ALL APPLICABLE ENTITIES

 WRITE VENG ITEMS TO THE DATABASE WITH A FREQUENCY OF ALL 
   FOR ALL APPLICABLE ENTITIES

 WRITE STRS ITEMS TO THE DATABASE WITH A FREQUENCY OF ALL 
   FOR ALL APPLICABLE ENTITIES

 WRITE EPEL ITEMS TO THE DATABASE WITH A FREQUENCY OF ALL 
   FOR ALL APPLICABLE ENTITIES

 WRITE EPPL ITEMS TO THE DATABASE WITH A FREQUENCY OF ALL 
   FOR ALL APPLICABLE ENTITIES

 WRITE CONT ITEMS TO THE DATABASE WITH A FREQUENCY OF ALL 
   FOR ALL APPLICABLE ENTITIES

 *GET  ANSINTER_  FROM  ACTI  ITEM=INT        VALUE=  0.00000000    

 *IF  ANSINTER_                         ( =   0.00000     )  NE  
      0                                 ( =   0.00000     )  THEN    

 *ENDIF

 *** NOTE ***                            CP =       2.781   TIME= 14:40:42
 The automatic domain decomposition logic has selected the MESH domain   
 decomposition method with 6 processes per solution.                     

 *****  ANSYS SOLVE    COMMAND  *****

 *** WARNING ***                         CP =       2.859   TIME= 14:40:42
 Element shape checking is currently inactive.  Issue SHPP,ON or         
 SHPP,WARN to reactivate, if desired.                                    

 *** NOTE ***                            CP =       2.953   TIME= 14:40:42
 The model data was checked and warning messages were found.             
  Please review output or errors file (                                  
 D:\University\竞赛与项目\Challenge-Cup-Unveiling-the-List-and-Taking-th 
 e-Lead\ansys\_ProjectScratch\Scr216C\file0.err ) for these warning      
 messages.                                                               

 *** SELECTION OF ELEMENT TECHNOLOGIES FOR APPLICABLE ELEMENTS ***
      --- GIVE SUGGESTIONS AND RESET THE KEY OPTIONS ---

 ELEMENT TYPE         1 IS SOLID187. IT IS NOT ASSOCIATED WITH FULLY INCOMPRESSIBLE
 HYPERELASTIC MATERIALS. NO SUGGESTION IS AVAILABLE AND NO RESETTING IS NEEDED.



 *** ANSYS - ENGINEERING ANALYSIS SYSTEM  RELEASE 2022 R1          22.1     ***
 DISTRIBUTED Ansys Mechanical Enterprise                       

 00000000  VERSION=WINDOWS x64   14:40:42  AUG 17, 2026 CP=      2.953

 analyse--Static Structural (A5)                                               



                       S O L U T I O N   O P T I O N S

   PROBLEM DIMENSIONALITY. . . . . . . . . . . . .3-D                  
   DEGREES OF FREEDOM. . . . . . UX   UY   UZ  
   ANALYSIS TYPE . . . . . . . . . . . . . . . . .STATIC (STEADY-STATE)
   OFFSET TEMPERATURE FROM ABSOLUTE ZERO . . . . .  273.15    
   EQUATION SOLVER OPTION. . . . . . . . . . . . .PCG                
      TOLERANCE. . . . . . . . . . . . . . . . . . 1.00000E-08
   GLOBALLY ASSEMBLED MATRIX . . . . . . . . . . .SYMMETRIC  

 *** WARNING ***                         CP =       3.047   TIME= 14:40:42
 Material number 2 (used by element 20178) should normally have at least 
 one MP or one TB type command associated with it.  Output of energy by  
 material may not be available.                                          

 *** NOTE ***                            CP =       3.047   TIME= 14:40:42
 The step data was checked and warning messages were found.              
  Please review output or errors file (                                  
 D:\University\竞赛与项目\Challenge-Cup-Unveiling-the-List-and-Taking-th 
 e-Lead\ansys\_ProjectScratch\Scr216C\file0.err ) for these warning      
 messages.                                                               

 *** NOTE ***                            CP =       3.047   TIME= 14:40:42
 The conditions for direct assembly have been met.  No .emat or .erot    
 files will be produced.                                                 

  
  
     D I S T R I B U T E D   D O M A I N   D E C O M P O S E R
  
  ...Number of elements: 14565
  ...Number of nodes:    25188
  ...Decompose to 6 CPU domains
  ...Element load balance ratio =     1.060


                      L O A D   S T E P   O P T I O N S

   LOAD STEP NUMBER. . . . . . . . . . . . . . . .     1
   TIME AT END OF THE LOAD STEP. . . . . . . . . .  1.0000    
   NUMBER OF SUBSTEPS. . . . . . . . . . . . . . .     1
   STEP CHANGE BOUNDARY CONDITIONS . . . . . . . .    NO
   PRINT OUTPUT CONTROLS . . . . . . . . . . . . .NO PRINTOUT
   DATABASE OUTPUT CONTROLS
      ITEM     FREQUENCY   COMPONENT
       ALL       NONE               
      NSOL        ALL               
      RSOL        ALL               
      EANG        ALL               
      ETMP        ALL               
      VENG        ALL               
      STRS        ALL               
      EPEL        ALL               
      EPPL        ALL               
      CONT        ALL               


 SOLUTION MONITORING INFO IS WRITTEN TO FILE= file.mntr                                                                                                                                                                                                                                                           


 *** NOTE ***                            CP =       3.578   TIME= 14:40:42
 The PCG solver has automatically set the level of difficulty for this   
 model to 1.                                                             


                         ***********  PRECISE MASS SUMMARY  ***********

   TOTAL RIGID BODY MASS MATRIX ABOUT ORIGIN
               Translational mass               |   Coupled translational/rotational mass
        0.12585E-04    0.0000        0.0000     |     0.0000       0.24221E-04  -0.36365E-11
         0.0000       0.12585E-04    0.0000     |   -0.24221E-04    0.0000      -0.30184E-11
         0.0000        0.0000       0.12585E-04 |    0.36365E-11   0.30184E-11    0.0000    
     ------------------------------------------ | ------------------------------------------
                                                |         Rotational mass (inertia)
                                                |    0.64334E-03  -0.29442E-10   0.12288E-10
                                                |   -0.29442E-10   0.64334E-03  -0.13746E-10
                                                |    0.12288E-10  -0.13746E-10   0.11493E-02

   TOTAL MASS = 0.12585E-04
     The mass principal axes coincide with the global Cartesian axes

   CENTER OF MASS (X,Y,Z)=  -0.23983E-06   0.28895E-06    1.9246    

   TOTAL INERTIA ABOUT CENTER OF MASS
        0.59672E-03  -0.29442E-10   0.64790E-11
       -0.29442E-10   0.59672E-03  -0.67471E-11
        0.64790E-11  -0.67471E-11   0.11493E-02
     The inertia principal axes coincide with the global Cartesian axes


  *** MASS SUMMARY BY ELEMENT TYPE ***

  TYPE      MASS
     1  0.125853E-04

 Range of element maximum matrix coefficients in global coordinates
 Maximum = 748839.833 at element 13146.                                  
 Minimum = 44475.0899 at element 2543.                                   

   *** ELEMENT MATRIX FORMULATION TIMES
     TYPE    NUMBER   ENAME      TOTAL CP  AVE CP

        1     14301  SOLID187      1.125   0.000079
        2       264  SURF154       0.000   0.000000
 Time at end of element matrix formulation CP = 4.359375.                

 *** NOTE ***                            CP =       4.750   TIME= 14:40:43
 This solution uses the GPU accelerator capability.                      
 Iteration=    10 Ratio=  8.791260E-02 Limit=  1.000000E-08 Wall=     0.0
 Iteration=    40 Ratio=  4.438787E-04 Limit=  1.000000E-08 Wall=     0.1
 Iteration=    70 Ratio=  2.548618E-06 Limit=  1.000000E-08 Wall=     0.2

 DISTRIBUTED PCG SOLVER SOLUTION CONVERGED

 DISTRIBUTED PCG SOLVER SOLUTION STATISTICS

   NUMBER OF ITERATIONS=         103
   NUMBER OF EQUATIONS =       75564
   LEVEL OF CONVERGENCE=           1
   CALCULATED NORM     = 0.76220E-08
   SPECIFIED TOLERANCE = 0.10000E-07
   TOTAL CPU TIME (sec)=        0.62
   TOTAL WALL TIME(sec)=        0.59
   TOTAL MEMORY (GB)   =        0.04


   *** ELEMENT RESULT CALCULATION TIMES
     TYPE    NUMBER   ENAME      TOTAL CP  AVE CP

        1     14301  SOLID187      0.422   0.000029
        2       264  SURF154       0.000   0.000000

   *** NODAL LOAD CALCULATION TIMES
     TYPE    NUMBER   ENAME      TOTAL CP  AVE CP

        1     14301  SOLID187      0.062   0.000004
        2       264  SURF154       0.000   0.000000
 *** LOAD STEP     1   SUBSTEP     1  COMPLETED.    CUM ITER =      1
 *** TIME =   1.00000         TIME INC =   1.00000      NEW TRIANG MATRIX


 *** ANSYS BINARY FILE STATISTICS
  BUFFER SIZE USED= 16384
        1.938 MB WRITTEN ON RESULTS FILE: file0.rst
 *************** Write FE CONNECTORS *********

 WRITE OUT CONSTRAINT EQUATIONS TO FILE= file.ce                                                                                                                                                                                                                                                             
 ****************************************************
 *************** FINISHED SOLVE FOR LS 1 *************

 *GET  _WALLASOL  FROM  ACTI  ITEM=TIME WALL  VALUE=  14.6786111    

 PRINTOUT RESUMED BY /GOP

 *GET  _PCGITER  FROM  ACTI  ITEM=SOLU CGIT  VALUE=  103.000000    

 FINISH SOLUTION PROCESSING


 ***** ROUTINE COMPLETED *****  CP =         5.312



 *** ANSYS - ENGINEERING ANALYSIS SYSTEM  RELEASE 2022 R1          22.1     ***
 DISTRIBUTED Ansys Mechanical Enterprise                       

 00000000  VERSION=WINDOWS x64   14:40:43  AUG 17, 2026 CP=      5.312

 analyse--Static Structural (A5)                                               



          ***** ANSYS RESULTS INTERPRETATION (POST1) *****

 *** NOTE ***                            CP =       5.312   TIME= 14:40:43
 Reading results into the database (SET command) will update the current 
 displacement and force boundary conditions in the database with the     
 values from the results file for that load set.  Note that any          
 subsequent solutions will use these values unless action is taken to    
 either SAVE the current values or not overwrite them (/EXIT,NOSAVE).    
 You have already entered the general postprocessor (POST1).             


 USE LAST SUBSTEP ON RESULT FILE  FOR LOAD CASE 0 

 SET COMMAND GOT LOAD STEP=     1  SUBSTEP=     1  CUMULATIVE ITERATION=     1
   TIME/FREQUENCY=  1.0000    
 TITLE= analyse--Static Structural (A5)                                         

 SELECT ALL ENTITIES OF TYPE= ALL  AND BELOW

 OPENED FILE= D:\University\竞赛与项目\Challenge-Cup-Unveiling-the-List-and-Taking-the-Lead\data\node_coordinates.csv FOR COMMAND FILE DATA 


 *GET  NCOUNT    FROM  NODE  ITEM=COUN       VALUE=  25188.0000     

 *DO LOOP ON PARAMETER= I FROM  1.0000     TO  25188.     BY  1.0000    

 *GET  NID       FROM  NODE  ITEM=NUM  MIN   VALUE=  1.00000000     

 *GET  XVAL      FROM  NODE         1  ITEM=LOC  X     VALUE= -2.50000000     

 *GET  YVAL      FROM  NODE         1  ITEM=LOC  Y     VALUE=  0.00000000     

 *GET  ZVAL      FROM  NODE         1  ITEM=LOC  Z     VALUE=  5.00000000     

 UNSELECT     FOR ITEM=NODE COMPONENT=    
  IN RANGE         1 TO          1 STEP          1

      25187  NODES (OF      25188  DEFINED) SELECTED BY  NSEL  COMMAND.

 *ENDDO  INDEX= I                               

  COMMAND FILE CLOSED 


 SELECT ALL ENTITIES OF TYPE= ALL  AND BELOW

 Set Encoding of XML File to:ISO-8859-1

 Set Output of XML File to:
     PARM,     ,     ,     ,     ,     ,     ,     ,     ,     ,     ,     ,
         ,     ,     ,     ,     ,     ,     ,

 DATABASE WRITTEN ON FILE  parm.xml                                                                                                                                                                                                                                                            

 EXIT THE ANSYS POST1 DATABASE PROCESSOR


 ***** ROUTINE COMPLETED *****  CP =         7.094



 PRINTOUT RESUMED BY /GOP

 *GET  _WALLDONE  FROM  ACTI  ITEM=TIME WALL  VALUE=  14.6788889    

 PARAMETER _PREPTIME =     0.000000000    

 PARAMETER _SOLVTIME =     1.000000000    

 PARAMETER _POSTTIME =     1.000000000    

 PARAMETER _TOTALTIM =     2.000000000    

 *GET  _DLBRATIO  FROM  ACTI  ITEM=SOLU DLBR  VALUE=  1.05974454    

 *GET  _COMBTIME  FROM  ACTI  ITEM=SOLU COMB  VALUE= 0.308985000E-01

 *GET  _SSMODE   FROM  ACTI  ITEM=SOLU SSMM  VALUE=  0.00000000    

 *GET  _NDOFS    FROM  ACTI  ITEM=SOLU NDOF  VALUE=  73731.0000    

 *GET  _SOL_END_TIME  FROM  ACTI  ITEM=SET  TIME  VALUE=  1.00000000    

 *IF  _sol_end_time                     ( =   1.00000     )  EQ  
      1.000000                          ( =   1.00000     )  THEN    

 /FCLEAN COMMAND REMOVING ALL LOCAL FILES

 *ENDIF
 --- Total number of nodes = 25188
 --- Total number of elements = 14565
 --- Element load balance ratio = 1.05974454
 --- Time to combine distributed files = 3.08985E-02
 --- Sparse memory mode = 0
 --- Number of DOF = 73731

 EXIT ANSYS WITHOUT SAVING DATABASE


 NUMBER OF WARNING MESSAGES ENCOUNTERED=          2
 NUMBER OF ERROR   MESSAGES ENCOUNTERED=          0

+--------- D I S T R I B U T E D   A N S Y S   S T A T I S T I C S ------------+

Release: 2022 R1            Build: 22.1       Update: UP20211129   Platform: WINDOWS x64 
Date Run: 08/17/2026   Time: 14:40     Process ID: 28380
Operating System: Windows 10  (Build: 26200)

Processor Model: 13th Gen Intel(R) Core(TM) i7-13650HX

Compiler: Intel(R) Fortran Compiler Version 19.0.5  (Build: 20190815)
          Intel(R) C/C++ Compiler Version 19.0.5  (Build: 20190815)
          Intel(R) Math Kernel Library Version 2020.0.0 Product Build 20191125
          BLAS Library supplied by Intel(R) MKL

Number of machines requested            :    1
Total number of cores available         :   20
Number of physical cores available      :   14
Number of processes requested           :    6
Number of threads per process requested :    1
Total number of cores requested         :    6 (Distributed Memory Parallel)               
MPI Type: INTELMPI
MPI Version: Intel(R) MPI Library 2019 Update 10 for Windows* OS


Number of GPUs requested                :    1
GPU Acceleration: NVIDIA Library Requested and Enabled
GPU Device with ID =  0 is: NVIDIA GeForce RTX 4060 Laptop GPU
GPU Driver Version: 12.70
CUDA Version: 11.0

Job Name: file0
Input File: dummy.dat

  Core                Machine Name   Working Directory
 -----------------------------------------------------
     0                        lulu   D:\University\竞赛与项目\Challenge-Cup-Unveiling-the-List-and-Taking-the-Lead\ansys\_ProjectScratch\Scr216C
     1                        lulu   D:\University\竞赛与项目\Challenge-Cup-Unveiling-the-List-and-Taking-the-Lead\ansys\_ProjectScratch\Scr216C
     2                        lulu   D:\University\竞赛与项目\Challenge-Cup-Unveiling-the-List-and-Taking-the-Lead\ansys\_ProjectScratch\Scr216C
     3                        lulu   D:\University\竞赛与项目\Challenge-Cup-Unveiling-the-List-and-Taking-the-Lead\ansys\_ProjectScratch\Scr216C
     4                        lulu   D:\University\竞赛与项目\Challenge-Cup-Unveiling-the-List-and-Taking-the-Lead\ansys\_ProjectScratch\Scr216C
     5                        lulu   D:\University\竞赛与项目\Challenge-Cup-Unveiling-the-List-and-Taking-the-Lead\ansys\_ProjectScratch\Scr216C
 
Latency time from master to core     1 =    2.283 microseconds
Latency time from master to core     2 =    2.200 microseconds
Latency time from master to core     3 =    2.324 microseconds
Latency time from master to core     4 =    3.093 microseconds
Latency time from master to core     5 =    2.786 microseconds
 
Communication speed from master to core     1 =  9814.27 MB/sec
Communication speed from master to core     2 = 10535.19 MB/sec
Communication speed from master to core     3 = 10613.32 MB/sec
Communication speed from master to core     4 =  9404.57 MB/sec
Communication speed from master to core     5 =  8977.97 MB/sec

Total CPU time for main thread                    :        4.5 seconds
Total CPU time summed for all threads             :        7.2 seconds

Elapsed time spent obtaining a license            :        1.3 seconds
Elapsed time spent pre-processing model (/PREP7)  :        0.1 seconds
Elapsed time spent solution - preprocessing       :        0.1 seconds
Elapsed time spent computing solution             :        0.9 seconds
Elapsed time spent solution - postprocessing      :        0.0 seconds
Elapsed time spent post-processing model (/POST1) :        1.0 seconds
 
Equation solver used                              :            PCG (symmetric)
Equation solver computational rate                :        8.1 Gflops

Sum of memory used on all processes               :      354.0 MB
Sum of memory allocated on all processes          :     7232.0 MB
Physical memory available                         :         16 GB

Total amount of I/O written to disk               :        0.0 GB
Total amount of I/O read from disk                :        0.0 GB

+------ E N D   D I S T R I B U T E D   A N S Y S   S T A T I S T I C S -------+


 *---------------------------------------------------------------------------*
 |                                                                           |
 |                       DISTRIBUTED ANSYS RUN COMPLETED                     |
 |                                                                           |
 |---------------------------------------------------------------------------|
 |                                                                           |
 | Ansys 2022 R1               Build 22.1         UP20211129     WINDOWS x64 |
 |                                                                           |
 |---------------------------------------------------------------------------|
 |                                                                           |
 | Database Requested(-db)  1024 MB    Scratch Memory Requested      1024 MB |
 | Maximum Database Used      35 MB    Maximum Scratch Memory Used     70 MB |
 |                                                                           |
 |---------------------------------------------------------------------------|
 |                                                                           |
 |        CP Time      (sec) =          7.219       Time  =  14:40:45        |
 |        Elapsed Time (sec) =          8.000       Date  =  08/17/2026      |
 |                                                                           |
 *---------------------------------------------------------------------------*
