==========================================================================================
SATC-NSGA-II 运行日志
==========================================================================================
开始时间：2026-08-17 18:09:50
==========================================================================================

目标权重（归一化）：ΔT=0.151, ΔB=0.815, ΔS=0.034

==========================================================================================
1. 论文真实实验数据检查
==========================================================================================
论文真实实验样本数：9

==========================================================================================
2. 代理模型 Leave-One-Out 验证
==========================================================================================
ΔT Tensile        MAE =     5.8951    RMSE =     7.6302    R² =    -0.2253
ΔB Bending        MAE =     5.9710    RMSE =     6.8705    R² =    -0.0151
ΔS ILSS           MAE =    12.1285    RMSE =    13.9564    R² =    -0.0132

==========================================================================================
3. 使用全部9组论文真实数据训练最终GPR
==========================================================================================

==========================================================================================
4. 生成完整离散参数空间
==========================================================================================
完整离散参数空间：81 组（3×3×3×3）

==========================================================================================
5. 对81组参数组合进行GPR代理预测
==========================================================================================
GPR预测矩阵：(81, 3)
GPR预测总耗时：0.001083 s

==========================================================================================
6. 构造81组优化目标值
==========================================================================================
论文真实实验点：9
GPR代理预测点：72

==========================================================================================
7. 保存81组参数空间结果
==========================================================================================

==========================================================================================
8. 热约束检查
==========================================================================================
全部组合：81
热约束可行组合：81
热约束不可行组合：0

==========================================================================================
9. SATC代理辅助Pareto Front
==========================================================================================
Pareto解数量：32

==========================================================================================
10. 保存Pareto结果
==========================================================================================

==========================================================================================
11. SATC综合推荐方案
==========================================================================================
SATC推荐参数：
A = 0.150 mm
B = 0.150 mm
C = 180.000 °C
D = 35.000 mm/s

推荐方案数据来源：论文真实实验数据

用于Pareto优化的目标值：
ΔT Tensile = 39.360000
ΔB Bending = 29.210000
ΔS ILSS = 30.190000

综合评分（百分制，100 分最好）：96.58
论文方案综合评分（百分制）：53.70
GPR预测标准差：[0.2178726  0.21553534 0.4382333 ]

推荐点类型：论文真实实验点（编号 1）

==========================================================================================
SATC推荐方案与论文方案比较
==========================================================================================
论文方案：A3B2C1D3
论文真实实验编号：8

参数比较
------------------------------------------------------------------------------------------
A = 论文    0.250 mm   SATC    0.150 mm
B = 论文    0.200 mm   SATC    0.150 mm
C = 论文  180.000 °C   SATC  180.000 °C
D = 论文   45.000 mm/s SATC   35.000 mm/s

目标值比较
------------------------------------------------------------------------------------------
ΔT Tensile        论文真实 =   61.3700    SATC =   39.3600    Std =    0.2179    变化 =    +35.86%
ΔB Bending        论文真实 =   35.4100    SATC =   29.2100    Std =    0.2155    变化 =    +17.51%
ΔS ILSS           论文真实 =   13.7300    SATC =   30.1900    Std =    0.4382    变化 =   -119.88%

Pareto支配关系
------------------------------------------------------------------------------------------
两种方案互不支配，属于不同Pareto权衡方案。

==========================================================================================
12. 保存最终摘要
==========================================================================================

==========================================================================================
13. 程序运行完成
==========================================================================================
总运行时间：0.07 s
输出目录：D:\University\竞赛与项目\Challenge-Cup-Unveiling-the-List-and-Taking-the-Lead\satc_optimizer\results
